[web.archive.org/web/20091022130128/http_/www.microsoft.com/en/us/default.html]
[archive.org/includes/analytics2a5b.js]
[web.archive.org/_static/js/bundle-playback78ca.js]
[web.archive.org/_static/js/wombat9b8c.js]
[web.archive.org/_static/css/banner-styles52e6.css]
[backblue.gif]
[fade.gif]
[index.html]
[web.archive.org/_static/css/iconochive8307.css]
[web.archive.org/web/20091029104257cs_/http_/www.microsoft.com/global/en/us/RenderingAssets/win7/TakeOverStyle.css]
[web.archive.org/_static/images/toolbar/wayback-toolbar-logo-200.png]
[web.archive.org/_static/images/toolbar/wm_tb_prv_on.png]
[web.archive.org/_static/images/toolbar/wm_tb_nxt_on.png]
[web.archive.org/_static/images/loading.gif]
[web.archive.org/web/20091023074350im_/http_/i.microsoft.com/global/En/PublishingImages/m.ms1.png]
[web.archive.org/web/20091030022940im_/http_/i.microsoft.com/global/En/us/PublishingImages/Win7/MSFTlogo_grn.gif]
[web.archive.org/web/20091030022911im_/http_/i.microsoft.com/global/en/PublishingImages/SearchBrand/en-US.gif]
[web.archive.org/web/20091030022903im_/http_/i.microsoft.com/global/En/us/PublishingImages/Win7/downlevel/downlevel_top.jpg]
[web.archive.org/web/20091030022921im_/http_/i.microsoft.com/global/En/us/PublishingImages/Win7/downlevel/downlevel_middle.gif]
[web.archive.org/web/20130202023658im_/http_/i.microsoft.com/global/En/us/PublishingImages/Win7/downlevel/downlevel_bottom.jpg]
[web.archive.org/web/20091030022949im_/http_/i.microsoft.com/en/shared/templates/PageLayouts/cspMscomHomePage/h15-ad-border.png]
[web.archive.org/web/20091030022853im_/http_/i.microsoft.com/global/En/us/PublishingImages/win7/MSFTfooter_grn.gif]
[web.archive.org/web/20091001195119im_/http_/m.webtrends.com/dcs4f6vsz99k7mayiw2jzupyr_1s2e/njsb803.gif]
[web.archive.org/web/20091022130128/http_/www.microsoft.com/en/us/default.html]
[archive.org/includes/analytics2a5b.js]
[analytics.archive.org/0.gif]
[web.archive.org/_static/css/record.css]
[web.archive.org/_static/css/banner-styles52e6.css]
[web.archive.org/_static/css/iconochive8307.css]
[web.archive.org/web/20091030022940js_/http_/i3.microsoft.com/library/svy/broker.js]
[web.archive.org/web/20091029104257cs_/http_/www.microsoft.com/global/en/us/RenderingAssets/win7/TakeOverStyle.css]
[web.archive.org/web/20091030022956js_/http_/i3.microsoft.com/global/en/us/RenderingAssets/Silverlight.js]
[web.archive.org/web/20091029104346js_/http_/www.microsoft.com/global/en/us/RenderingAssets/win7/TakeOverScript.js]
[web.archive.org/web/20091022123037js_/http_/i3.microsoft.com/shared/core/2/swe/3.5.0.0/3.5.30729.1/MicrosoftAjax.js]
[web.archive.org/web/20091030022949js_/http_/i3.microsoft.com/shared/core/2/jquery/1.3.2/jquery-1.3.2.min.js]
[web.archive.org/web/20091030023004js_/http_/i3.microsoft.com/global/en/us/RenderingAssets/webtrends_15_1.js]
[web.archive.org/_static/css/record.css]
[web.archive.org/_static/images/web-screenshot.svg]
[archive.org/includes/fonts/Iconochive-Regular1c50.svg]
[web.archive.org/web/20091022130128/http_/www.microsoft.com/en/us/Firefox/index.html]
[web.archive.org/web/20091022130128/http_/www.microsoft.com/en/us/Opera/index.html]
[web.archive.org/web/20091022130128/http_/www.microsoft.com/en/us/AppleWebKit/index.html]
[web.archive.org/web/20091022130128/http_/www.microsoft.com/en/us/AppleWebKit/index.html]
[web.archive.org/web/20091022130128/http_/www.microsoft.com/en/us/Opera/index.html]
[web.archive.org/web/20100708100616/http_/www.microsoft.com/en/us/broker-config.html]
[web.archive.org/web/20100708100623/http_/www.microsoft.com/en/us/builder.html]
[web.archive.org/web/20100708100630/http_/www.microsoft.com/en/us/broker-config_v2.html]
[web.archive.org/web/20100708100639/http_/www.microsoft.com/en/us/builder_v2.html]
[web.archive.org/web/20100708100836/http_/www.microsoft.com/en/us/broker.html]
